[Licensing::Module] Trying to connect to existing licensing client channel...
Built from '6000.4/staging' branch; Version is '6000.4.5f1 (cc83ebd631f8) revision 13403115'; Using compiler version '194234433'; Build Type 'Release'
OS: 'Windows 11  (10.0.26200) Professional' Language: 'en' Physical Memory: 32584 MB
[Licensing::IpcConnector] Successfully connected to: "LicenseClient-sonba" at "2026-05-30T11:24:22.9501961Z"
BatchMode: 1, IsHumanControllingUs: 0, StartBugReporterOnCrash: 0, Is64bit: 1
System  architecture: x64
Process architecture: x64
Date: 2026-05-30T11:24:22Z

COMMAND LINE ARGUMENTS:
C:\Program Files\Unity\Hub\Editor\6000.4.5f1\Editor\Unity.exe
-adb2
-batchMode
-noUpm
-name
AssetImportWorker2
-projectPath
D:/Program Files/Meta Horizon/projects/RCSVR
-logFile
Logs/AssetImportWorker2.log
-srvPort
65265
-licensingIpc
LicenseClient-sonba
-force-d3d12
-job-worker-count
5
-background-job-worker-count
8
-gc-helper-count
1
-name
AssetImport
Successfully changed project path to: D:/Program Files/Meta Horizon/projects/RCSVR
D:/Program Files/Meta Horizon/projects/RCSVR
[UnityMemory] Configuration Parameters - Can be set up in boot.config
    "memorysetup-temp-allocator-size-gi-baking-worker=262144"
    "memorysetup-temp-allocator-size-gi-baking-worker=262144"
    "memorysetup-temp-allocator-size-gi-baking-worker=262144"
    "memorysetup-temp-allocator-size-gi-baking-worker=262144"
    "memorysetup-temp-allocator-size-gi-baking-worker=262144"
    "memorysetup-temp-allocator-size-nav-mesh-worker=65536"
    "memorysetup-temp-allocator-size-audio-worker=65536"
    "memorysetup-temp-allocator-size-cloud-worker=32768"
    "memorysetup-temp-allocator-size-gfx=262144"
    "memorysetup-temp-allocator-size-preload-manager=33554432"
    "memorysetup-temp-allocator-size-job-worker=262144"
    "memorysetup-temp-allocator-size-background-worker=32768"
    "memorysetup-allocator-temp-initial-block-size-main=262144"
    "memorysetup-allocator-temp-initial-block-size-worker=262144"
    "memorysetup-bucket-allocator-granularity=16"
    "memorysetup-bucket-allocator-bucket-count=8"
    "memorysetup-bucket-allocator-block-size=33554432"
    "memorysetup-bucket-allocator-block-count=8"
    "memorysetup-main-allocator-block-size=16777216"
    "memorysetup-thread-allocator-block-size=16777216"
    "memorysetup-gfx-main-allocator-block-size=16777216"
    "memorysetup-gfx-thread-allocator-block-size=16777216"
    "memorysetup-cache-allocator-block-size=4194304"
    "memorysetup-typetree-allocator-block-size=2097152"
    "memorysetup-profiler-bucket-allocator-granularity=16"
    "memorysetup-profiler-bucket-allocator-bucket-count=8"
    "memorysetup-profiler-bucket-allocator-block-size=33554432"
    "memorysetup-profiler-bucket-allocator-block-count=8"
    "memorysetup-profiler-allocator-block-size=16777216"
    "memorysetup-profiler-editor-allocator-block-size=1048576"
    "memorysetup-temp-allocator-size-main=16777216"
    "memorysetup-job-temp-allocator-block-size=2097152"
    "memorysetup-job-temp-allocator-block-size-background=1048576"
    "memorysetup-job-temp-allocator-reduction-small-platforms=262144"
Player connection [15392]  Target information:

Player connection [15392]  * "[IP] 100.88.65.34 [Port] 0 [Flags] 2 [Guid] 1587132915 [EditorId] 1587132915 [Version] 1048832 [Id] WindowsEditor(7,sonnguyen) [Debug] 1 [PackageName] WindowsEditor [ProjectName] Editor" 

Player connection [15392]  * "[IP] 192.168.68.51 [Port] 0 [Flags] 2 [Guid] 1587132915 [EditorId] 1587132915 [Version] 1048832 [Id] WindowsEditor(7,sonnguyen) [Debug] 1 [PackageName] WindowsEditor [ProjectName] Editor" 

Player connection [15392] Host joined multi-casting on [225.0.0.222:54997]...
Player connection [15392] Host joined alternative multi-casting on [225.0.0.222:34997]...
JobSystem: Creating JobQueue using job-worker-count value 5
Input System module state changed to: Initialized.
[Physics::Module] Initialized fallback backend.
[Physics::Module] Id: 0xdecafbad
Library Redirect Path: Library/
[Physics::Module] Selected backend.
[Physics::Module] Name: PhysX
[Physics::Module] Id: 0xf2b8ea05
[Physics::Module] SDK Version: 4.1.2
[Physics::Module] Integration Version: 1.0.0
[Physics::Module] Threading Mode: Multi-Threaded
[Licensing::Module] Licensing is not yet initialized.
[Licensing::Client] Error: HandshakeResponse reported an error:
	ResponseCode: 505
	ResponseStatus: Unsupported protocol version '1.18.1'.
[Licensing::Module] Error: Failed to handshake to channel: "LicenseClient-sonba"
[Licensing::IpcConnector] LicenseClient-sonba channel disconnected successfully.
[Licensing::IpcConnector] Successfully connected to: "LicenseClient-sonba-6000.4.5" at "2026-05-30T11:24:26.6322042Z"
[Licensing::Client] Code 10 while verifying Licensing Client signature (process Id: 7096, path: "C:/Program Files/Unity/Hub/Editor/6000.4.5f1/Editor/Data/Resources/Licensing/Client/Unity.Licensing.Client.exe")
[Licensing::Module] LicensingClient has failed validation; ignoring
[Licensing::Client] Handshaking with LicensingClient:
  Version:                 1.18.1+9fbee8e
  Session Id:              11e48c0850734e23bb877ef9816acde8
  Correlation Id:          095d2c817ac174edc63421406d8f4b18
  External correlation Id: 6734123563397847371
  Machine Id:              5Eisga/Ol5yqflph8t/K7bKBkQQ=
[Licensing::Module] Successfully connected to LicensingClient on channel: "LicenseClient-sonba-6000.4.5" (connect: 0.00s, validation: 0.00s, handshake: 0.02s)
[Licensing::IpcConnector] Successfully connected to: "LicenseClient-sonba-6000.4.5-notifications" at "2026-05-30T11:24:26.6527938Z"
[Licensing::Module] Licensing Background thread has ended after 3.70s
[Licensing::Module] Licensing is initialized (took 3.14s).
[Licensing::Client] Successfully resolved entitlement details
[Licensing::Module] License group:
  Id: 6263137-UnityPersXXXX
  Product: Unity Personal
  Type: Assigned
  Expiration: Unlimited
Refreshing native plugins compatible for Editor in 40.56 ms, found 11 plugins.
Initialize engine version: 6000.4.5f1 (cc83ebd631f8)
[Subsystems] Discovering subsystems at path C:/Program Files/Unity/Hub/Editor/6000.4.5f1/Editor/Data/Resources/UnitySubsystems
[Subsystems] Discovering subsystems at path D:/Program Files/Meta Horizon/projects/RCSVR/Assets
Forcing GfxDevice: Direct3D 12
GfxDevice: creating device client; kGfxThreadingModeNonThreaded
d3d12: failed to query info queue interface (0x80004002).
Direct3D:
    Version:         Direct3D 12 [level 12.1]
    Renderer:        NVIDIA GeForce GTX 1650 (ID=0x1f91)
    Vendor:          NVIDIA
    VRAM:            3935 MB
    App VRAM Budget: 828 MB
    Driver:          32.0.15.9597
Shader 'Oculus/OVRMRCameraFrameLit': fallback shader 'Alpha-Diffuse' not found
Initialize mono
Mono path[0] = 'C:/Program Files/Unity/Hub/Editor/6000.4.5f1/Editor/Data/Managed'
Mono path[1] = 'C:/Program Files/Unity/Hub/Editor/6000.4.5f1/Editor/Data/MonoBleedingEdge/lib/mono/unityjit-win32'
Mono config path = 'C:/Program Files/Unity/Hub/Editor/6000.4.5f1/Editor/Data/MonoBleedingEdge/etc'
Using monoOptions --debugger-agent=transport=dt_socket,embedding=1,server=y,suspend=n,address=127.0.0.1:56816
CodeReloadManager initialized
Begin MonoManager ReloadAssembly
Registering precompiled unity dll's ...
Register platform support module: C:/Program Files/Unity/Hub/Editor/6000.4.5f1/Editor/Data/PlaybackEngines/WebGLSupport/UnityEditor.WebGL.Extensions.dll
Register platform support module: C:/Program Files/Unity/Hub/Editor/6000.4.5f1/Editor/Data/PlaybackEngines/WindowsStandaloneSupport/UnityEditor.WindowsStandalone.Extensions.dll
Register platform support module: C:/Program Files/Unity/Hub/Editor/6000.4.5f1/Editor/Data/PlaybackEngines/AndroidPlayer/UnityEditor.Android.Extensions.dll
Registered in 0.006111 seconds.
Native extension for Android target not found
Native extension for WindowsStandalone target not found
Native extension for WebGL target not found
Package Manager log level set to [2]
[Package Manager] Failed to launch server process. Reason: Unity was launched with the -noUpm command-line argument
[Package Manager] Unable to send message (not connected to server process).
[Package Manager] Cannot connect to Unity Package Manager local server
ScheduleIndexationOnStartup MainProcess:False IndexOnStartup:True
Mono: successfully reloaded assembly
- Finished resetting the current domain, in  0.689 seconds
Domain Reload Profiling: 1537ms
	BeginReloadAssembly (237ms)
	RebuildCommonClasses (74ms)
	RebuildNativeTypeToScriptingClass (29ms)
	initialDomainReloadingComplete (128ms)
	LoadAllAssembliesAndSetupDomain (378ms)
		LoadAssemblies (229ms)
		AnalyzeDomain (362ms)
			TypeCache.Refresh (361ms)
				TypeCache.ScanAssembly (337ms)
	FinalizeReload (691ms)
		SetupLoadedEditorAssemblies (0ms)
			InitializePlatformSupportModulesInManaged (100ms)
			BeforeProcessingInitializeOnLoad (143ms)
			ProcessInitializeOnLoadAttributes (187ms)
			ProcessInitializeOnLoadMethodAttributes (122ms)
========================================================================
Worker process is ready to serve import requests
Import Worker Mode flag is 0x00
Begin MonoManager ReloadAssembly
[Licensing::Client] Successfully resolved entitlement details
Assembly Assembly-CSharp-Editor-firstpass.dll at Library/ScriptAssemblies/Assembly-CSharp-Editor-firstpass.dll not valid. Loading of assembly skipped.
Assembly Assembly-CSharp-Editor.dll at Library/ScriptAssemblies/Assembly-CSharp-Editor.dll not valid. Loading of assembly skipped.
Assembly Assembly-CSharp-firstpass.dll at Library/ScriptAssemblies/Assembly-CSharp-firstpass.dll not valid. Loading of assembly skipped.
Assembly DocCodeExamples.dll at Library/ScriptAssemblies/DocCodeExamples.dll not valid. Loading of assembly skipped.
Assembly Meta.XR.MultiplayerBlocks.Fusion.dll at Library/ScriptAssemblies/Meta.XR.MultiplayerBlocks.Fusion.dll not valid. Loading of assembly skipped.
Assembly Meta.XR.MultiplayerBlocks.NGO.dll at Library/ScriptAssemblies/Meta.XR.MultiplayerBlocks.NGO.dll not valid. Loading of assembly skipped.
Assembly TestNewCustomAssembly.dll at Library/ScriptAssemblies/TestNewCustomAssembly.dll not valid. Loading of assembly skipped.
Assembly Unity.Collections.BurstCompatibilityGen.dll at Library/ScriptAssemblies/Unity.Collections.BurstCompatibilityGen.dll not valid. Loading of assembly skipped.
Assembly Unity.Collections.DocCodeSamples.dll at Library/ScriptAssemblies/Unity.Collections.DocCodeSamples.dll not valid. Loading of assembly skipped.
Assembly Unity.Collections.PerformanceTests.dll at Library/ScriptAssemblies/Unity.Collections.PerformanceTests.dll not valid. Loading of assembly skipped.
Assembly Unity.Collections.Tests.dll at Library/ScriptAssemblies/Unity.Collections.Tests.dll not valid. Loading of assembly skipped.
Assembly Unity.Collections.Tests.Playmode.dll at Library/ScriptAssemblies/Unity.Collections.Tests.Playmode.dll not valid. Loading of assembly skipped.
Assembly Unity.InputSystem.IntegrationTests.dll at Library/ScriptAssemblies/Unity.InputSystem.IntegrationTests.dll not valid. Loading of assembly skipped.
Assembly Unity.Mathematics.Tests.dll at Library/ScriptAssemblies/Unity.Mathematics.Tests.dll not valid. Loading of assembly skipped.
Assembly Unity.Multiplayer.Center.Editor.Tests.dll at Library/ScriptAssemblies/Unity.Multiplayer.Center.Editor.Tests.dll not valid. Loading of assembly skipped.
Assembly Unity.Multiplayer.Center.Tests.dll at Library/ScriptAssemblies/Unity.Multiplayer.Center.Tests.dll not valid. Loading of assembly skipped.
Assembly Unity.Nuget.Mono-Cecil.dll at Library/ScriptAssemblies/Unity.Nuget.Mono-Cecil.dll not valid. Loading of assembly skipped.
Assembly Unity.PathTracing.Editor.Tests.dll at Library/ScriptAssemblies/Unity.PathTracing.Editor.Tests.dll not valid. Loading of assembly skipped.
Assembly Unity.PathTracing.Runtime.Tests.dll at Library/ScriptAssemblies/Unity.PathTracing.Runtime.Tests.dll not valid. Loading of assembly skipped.
Assembly Unity.Performance.Profile-Analyzer.EditorTests.dll at Library/ScriptAssemblies/Unity.Performance.Profile-Analyzer.EditorTests.dll not valid. Loading of assembly skipped.
Assembly Unity.RenderPipelines.Core.Editor.Tests.dll at Library/ScriptAssemblies/Unity.RenderPipelines.Core.Editor.Tests.dll not valid. Loading of assembly skipped.
Assembly Unity.RenderPipelines.Core.Runtime.Tests.dll at Library/ScriptAssemblies/Unity.RenderPipelines.Core.Runtime.Tests.dll not valid. Loading of assembly skipped.
Assembly Unity.RenderPipelines.Universal.Config.Editor.Tests.dll at Library/ScriptAssemblies/Unity.RenderPipelines.Universal.Config.Editor.Tests.dll not valid. Loading of assembly skipped.
Assembly Unity.RenderPipelines.Universal.Editor.Tests.dll at Library/ScriptAssemblies/Unity.RenderPipelines.Universal.Editor.Tests.dll not valid. Loading of assembly skipped.
Assembly Unity.RenderPipelines.Universal.Runtime.Tests.dll at Library/ScriptAssemblies/Unity.RenderPipelines.Universal.Runtime.Tests.dll not valid. Loading of assembly skipped.
Assembly Unity.Searcher.EditorTests.dll at Library/ScriptAssemblies/Unity.Searcher.EditorTests.dll not valid. Loading of assembly skipped.
Assembly Unity.Settings.Tests.dll at Library/ScriptAssemblies/Unity.Settings.Tests.dll not valid. Loading of assembly skipped.
Assembly Unity.ShaderGraph.Editor.Tests.dll at Library/ScriptAssemblies/Unity.ShaderGraph.Editor.Tests.dll not valid. Loading of assembly skipped.
Assembly Unity.TestTools.CodeCoverage.Editor.Compatibility.dll at Library/ScriptAssemblies/Unity.TestTools.CodeCoverage.Editor.Compatibility.dll not valid. Loading of assembly skipped.
Assembly Unity.TextMeshPro.Editor.Tests.dll at Library/ScriptAssemblies/Unity.TextMeshPro.Editor.Tests.dll not valid. Loading of assembly skipped.
Assembly Unity.TextMeshPro.Tests.dll at Library/ScriptAssemblies/Unity.TextMeshPro.Tests.dll not valid. Loading of assembly skipped.
Assembly Unity.Tutorials.Core.Editor.Tests.dll at Library/ScriptAssemblies/Unity.Tutorials.Core.Editor.Tests.dll not valid. Loading of assembly skipped.
Assembly Unity.Tutorials.Core.Tests.dll at Library/ScriptAssemblies/Unity.Tutorials.Core.Tests.dll not valid. Loading of assembly skipped.
Assembly Unity.UnifiedRayTracing.Editor.Tests.dll at Library/ScriptAssemblies/Unity.UnifiedRayTracing.Editor.Tests.dll not valid. Loading of assembly skipped.
Assembly Unity.XR.AndroidOpenXR.Tests.dll at Library/ScriptAssemblies/Unity.XR.AndroidOpenXR.Tests.dll not valid. Loading of assembly skipped.
Assembly Unity.XR.AndroidXROpenXR.CodeSamples.Tests.dll at Library/ScriptAssemblies/Unity.XR.AndroidXROpenXR.CodeSamples.Tests.dll not valid. Loading of assembly skipped.
Assembly Unity.XR.AndroidXROpenXR.Editor.Tests.dll at Library/ScriptAssemblies/Unity.XR.AndroidXROpenXR.Editor.Tests.dll not valid. Loading of assembly skipped.
Assembly Unity.XR.ARCore.CodeSamples.Tests.dll at Library/ScriptAssemblies/Unity.XR.ARCore.CodeSamples.Tests.dll not valid. Loading of assembly skipped.
Assembly Unity.XR.ARCore.Editor.Tests.dll at Library/ScriptAssemblies/Unity.XR.ARCore.Editor.Tests.dll not valid. Loading of assembly skipped.
Assembly Unity.XR.ARCore.Runtime.Tests.dll at Library/ScriptAssemblies/Unity.XR.ARCore.Runtime.Tests.dll not valid. Loading of assembly skipped.
Assembly Unity.XR.ARFoundation.CodeSamples.Editor.Tests.dll at Library/ScriptAssemblies/Unity.XR.ARFoundation.CodeSamples.Editor.Tests.dll not valid. Loading of assembly skipped.
Assembly Unity.XR.ARFoundation.CodeSamples.Tests.dll at Library/ScriptAssemblies/Unity.XR.ARFoundation.CodeSamples.Tests.dll not valid. Loading of assembly skipped.
Assembly Unity.XR.ARFoundation.Editor.Tests.dll at Library/ScriptAssemblies/Unity.XR.ARFoundation.Editor.Tests.dll not valid. Loading of assembly skipped.
Assembly Unity.XR.ARFoundation.InternalUtils.Editor.Tests.dll at Library/ScriptAssemblies/Unity.XR.ARFoundation.InternalUtils.Editor.Tests.dll not valid. Loading of assembly skipped.
Assembly Unity.XR.ARFoundation.Runtime.Tests.dll at Library/ScriptAssemblies/Unity.XR.ARFoundation.Runtime.Tests.dll not valid. Loading of assembly skipped.
Assembly Unity.XR.ARSubsystems.Editor.Tests.dll at Library/ScriptAssemblies/Unity.XR.ARSubsystems.Editor.Tests.dll not valid. Loading of assembly skipped.
Assembly Unity.XR.CompositionLayers.Editor.Tests.dll at Library/ScriptAssemblies/Unity.XR.CompositionLayers.Editor.Tests.dll not valid. Loading of assembly skipped.
Assembly Unity.XR.CompositionLayers.Tests.dll at Library/ScriptAssemblies/Unity.XR.CompositionLayers.Tests.dll not valid. Loading of assembly skipped.
Assembly Unity.XR.CoreUtils.CodeSamples.Tests.dll at Library/ScriptAssemblies/Unity.XR.CoreUtils.CodeSamples.Tests.dll not valid. Loading of assembly skipped.
Assembly Unity.XR.CoreUtils.Editor.Tests.dll at Library/ScriptAssemblies/Unity.XR.CoreUtils.Editor.Tests.dll not valid. Loading of assembly skipped.
Assembly Unity.XR.CoreUtils.Tests.dll at Library/ScriptAssemblies/Unity.XR.CoreUtils.Tests.dll not valid. Loading of assembly skipped.
Assembly Unity.XR.Hands.Editor.Tests.dll at Library/ScriptAssemblies/Unity.XR.Hands.Editor.Tests.dll not valid. Loading of assembly skipped.
Assembly Unity.XR.Hands.Tests.dll at Library/ScriptAssemblies/Unity.XR.Hands.Tests.dll not valid. Loading of assembly skipped.
Assembly Unity.XR.Interaction.Toolkit.Editor.Tests.dll at Library/ScriptAssemblies/Unity.XR.Interaction.Toolkit.Editor.Tests.dll not valid. Loading of assembly skipped.
Assembly Unity.XR.Interaction.Toolkit.Tests.dll at Library/ScriptAssemblies/Unity.XR.Interaction.Toolkit.Tests.dll not valid. Loading of assembly skipped.
Assembly Unity.XR.Management.EditorTests.dll at Library/ScriptAssemblies/Unity.XR.Management.EditorTests.dll not valid. Loading of assembly skipped.
Assembly Unity.XR.Management.TestPackage.dll at Library/ScriptAssemblies/Unity.XR.Management.TestPackage.dll not valid. Loading of assembly skipped.
Assembly Unity.XR.Management.TestPackage.Editor.dll at Library/ScriptAssemblies/Unity.XR.Management.TestPackage.Editor.dll not valid. Loading of assembly skipped.
Assembly Unity.XR.Management.Tests.dll at Library/ScriptAssemblies/Unity.XR.Management.Tests.dll not valid. Loading of assembly skipped.
Assembly Unity.XR.Management.Tests.Standalone.dll at Library/ScriptAssemblies/Unity.XR.Management.Tests.Standalone.dll not valid. Loading of assembly skipped.
Assembly Unity.XR.MetaOpenXR.CodeSamples.Tests.dll at Library/ScriptAssemblies/Unity.XR.MetaOpenXR.CodeSamples.Tests.dll not valid. Loading of assembly skipped.
Assembly Unity.XR.MetaOpenXR.Editor.Tests.dll at Library/ScriptAssemblies/Unity.XR.MetaOpenXR.Editor.Tests.dll not valid. Loading of assembly skipped.
Assembly Unity.XR.MetaOpenXR.Tests.dll at Library/ScriptAssemblies/Unity.XR.MetaOpenXR.Tests.dll not valid. Loading of assembly skipped.
Assembly Unity.XR.OpenXR.Editor.Tests.dll at Library/ScriptAssemblies/Unity.XR.OpenXR.Editor.Tests.dll not valid. Loading of assembly skipped.
Assembly Unity.XR.OpenXR.Tests.dll at Library/ScriptAssemblies/Unity.XR.OpenXR.Tests.dll not valid. Loading of assembly skipped.
Assembly Unity.XR.OpenXR.Ubuntu.Tests.dll at Library/ScriptAssemblies/Unity.XR.OpenXR.Ubuntu.Tests.dll not valid. Loading of assembly skipped.
Assembly Unity.XR.Simulation.Editor.Tests.dll at Library/ScriptAssemblies/Unity.XR.Simulation.Editor.Tests.dll not valid. Loading of assembly skipped.
Assembly Unity.XR.Simulation.Runtime.Tests.dll at Library/ScriptAssemblies/Unity.XR.Simulation.Runtime.Tests.dll not valid. Loading of assembly skipped.
Assembly Unity.XR.TestSupport.dll at Library/ScriptAssemblies/Unity.XR.TestSupport.dll not valid. Loading of assembly skipped.
Assembly Unity.XR.TestTooling.Editor.Tests.dll at Library/ScriptAssemblies/Unity.XR.TestTooling.Editor.Tests.dll not valid. Loading of assembly skipped.
Assembly UnityEditor.UI.Common.Tests.dll at Library/ScriptAssemblies/UnityEditor.UI.Common.Tests.dll not valid. Loading of assembly skipped.
Assembly UnityEditor.UI.EditorTests.dll at Library/ScriptAssemblies/UnityEditor.UI.EditorTests.dll not valid. Loading of assembly skipped.
Assembly UnityEditor.XR.LegacyInputHelpers.Tests.dll at Library/ScriptAssemblies/UnityEditor.XR.LegacyInputHelpers.Tests.dll not valid. Loading of assembly skipped.
Assembly UnityEngine.SpatialTracking.Tests.dll at Library/ScriptAssemblies/UnityEngine.SpatialTracking.Tests.dll not valid. Loading of assembly skipped.
Assembly UnityEngine.UI.Tests.dll at Library/ScriptAssemblies/UnityEngine.UI.Tests.dll not valid. Loading of assembly skipped.
Assembly UnityEngine.XR.OpenXR.CodeSamples.Editor.Tests.dll at Library/ScriptAssemblies/UnityEngine.XR.OpenXR.CodeSamples.Editor.Tests.dll not valid. Loading of assembly skipped.
'Packages/com.meta.xr.sdk.core/Editor/BuildingBlocks/BlocksWindow.cs' contains partial class of Unity.Object, exactly 1 of the partial classes needs to be in a file with the same filename. This is to know the one that can be referenced from ie. GameObjects
'Packages/com.meta.xr.sdk.core/Editor/BuildingBlocks/BlocksWindowDetailsExtension.cs' contains partial class of Unity.Object, exactly 1 of the partial classes needs to be in a file with the same filename. This is to know the one that can be referenced from ie. GameObjects
'Packages/com.meta.xr.sdk.core/Editor/BuildingBlocks/BlocksWindowCollectionsPageExtension.cs' contains partial class of Unity.Object, exactly 1 of the partial classes needs to be in a file with the same filename. This is to know the one that can be referenced from ie. GameObjects
Refreshing native plugins compatible for Editor in 14.32 ms, found 11 plugins.
Native extension for Android target not found
Native extension for WindowsStandalone target not found
Native extension for WebGL target not found
[Package Manager] Failed to launch server process. Reason: Unity was launched with the -noUpm command-line argument
[Package Manager] Unable to send message (not connected to server process).
[Package Manager] Cannot connect to Unity Package Manager local server
I0530 13:24:33.639399 15392 OVRTelemetry.cpp:57] Telemetry_Init: calling startSession with engineName=Unity, pluginVersion=1.201.0
I0530 13:24:33.746412 15392 OVRTelemetry.cpp:61] Telemetry_Init: startSession completed successfully
[Package Manager] Failed to launch server process. Reason: Unity was launched with the -noUpm command-line argument
[Package Manager] Unable to send message (not connected to server process).
[Package Manager] Cannot connect to Unity Package Manager local server
[Package Manager] Failed to launch server process. Reason: Unity was launched with the -noUpm command-line argument
[Package Manager] Unable to send message (not connected to server process).
[Package Manager] Cannot connect to Unity Package Manager local server
[Package Manager] Failed to launch server process. Reason: Unity was launched with the -noUpm command-line argument
[Package Manager] Unable to send message (not connected to server process).
[Package Manager] Cannot connect to Unity Package Manager local server
ScheduleIndexationOnStartup MainProcess:False IndexOnStartup:True
Mono: successfully reloaded assembly
[Package Manager] Failed to launch server process. Reason: Unity was launched with the -noUpm command-line argument
[Package Manager] Unable to send message (not connected to server process).
[Package Manager] Cannot connect to Unity Package Manager local server
[Package Manager] Failed to launch server process. Reason: Unity was launched with the -noUpm command-line argument
[Package Manager] Unable to send message (not connected to server process).
[Package Manager] Cannot connect to Unity Package Manager local server
- Finished resetting the current domain, in  3.475 seconds
Domain Reload Profiling: 5374ms
	BeginReloadAssembly (306ms)
		DisableScriptedObjects (8ms)
		CreateAndSetChildDomain (39ms)
	RebuildCommonClasses (107ms)
	RebuildNativeTypeToScriptingClass (20ms)
	initialDomainReloadingComplete (134ms)
	LoadAllAssembliesAndSetupDomain (1330ms)
		LoadAssemblies (779ms)
		AnalyzeDomain (717ms)
			TypeCache.Refresh (470ms)
				TypeCache.ScanAssembly (437ms)
			BuildScriptInfoCaches (200ms)
			ResolveRequiredComponents (44ms)
	FinalizeReload (3476ms)
		SetupLoadedEditorAssemblies (0ms)
			InitializePlatformSupportModulesInManaged (14ms)
			BeforeProcessingInitializeOnLoad (390ms)
			ProcessInitializeOnLoadAttributes (2234ms)
			ProcessInitializeOnLoadMethodAttributes (457ms)
			AfterProcessingInitializeOnLoad (13ms)
		AwakeInstancesAfterBackupRestoration (13ms)
WARNING: Shader Unsupported: 'Simulation/Standard Lit' - All subshaders removed
WARNING: Shader Did you use #pragma only_renderers and omit this platform?
WARNING: Shader If subshaders removal was intentional, you may have forgotten turning Fallback off?
WARNING: Shader Unsupported: 'Simulation/URP/Room X-Ray' - All subshaders removed
WARNING: Shader Did you use #pragma only_renderers and omit this platform?
WARNING: Shader If subshaders removal was intentional, you may have forgotten turning Fallback off?
WARNING: Shader Unsupported: 'Simulation/URP/Lit' - All subshaders removed
WARNING: Shader Did you use #pragma only_renderers and omit this platform?
WARNING: Shader If subshaders removal was intentional, you may have forgotten turning Fallback off?
WARNING: Shader Unsupported: 'Hidden/Simulation/URP/Synthetic' - All subshaders removed
WARNING: Shader Did you use #pragma only_renderers and omit this platform?
WARNING: Shader If subshaders removal was intentional, you may have forgotten turning Fallback off?
WARNING: Shader Unsupported: 'Hidden/Simulation/Synthetic Lit' - All subshaders removed
WARNING: Shader Did you use #pragma only_renderers and omit this platform?
WARNING: Shader If subshaders removal was intentional, you may have forgotten turning Fallback off?
WARNING: Shader Unsupported: 'Simulation/Room X-Ray' - All subshaders removed
WARNING: Shader Did you use #pragma only_renderers and omit this platform?
WARNING: Shader If subshaders removal was intentional, you may have forgotten turning Fallback off?
Shader 'Oculus/OVRMRCameraFrameLit': fallback shader 'Alpha-Diffuse' not found
Launched and connected shader compiler UnityShaderCompiler.exe after 0.02 seconds
Refreshing native plugins compatible for Editor in 23.44 ms, found 11 plugins.
Unloading 35 Unused Serialized files (Serialized files now loaded: 0)
Unloading 7526 unused Assets / (10.8 MB). Loaded Objects now: 8515.
Memory consumption went from 187.3 MB to 176.5 MB.
Total: 39.130500 ms (FindLiveObjects: 1.297900 ms CreateObjectMapping: 2.105800 ms MarkObjects: 29.043200 ms  DeleteObjects: 6.680700 ms)

========================================================================
Received Import Request.
  Time since last request: 1600.037308 seconds.
  path: Assets/Scenes/ingolstadt/all-buildings/ingolstadt_all_lod1_buildings.mtl
  importAddress: Guid(17f26a61d5f029b4da9f42be64479652) Importer(815301076,1909f56bfc062723c751e8b465ee728b)
Start importing Assets/Scenes/ingolstadt/all-buildings/ingolstadt_all_lod1_buildings.mtl using Guid(17f26a61d5f029b4da9f42be64479652) Importer(815301076,1909f56bfc062723c751e8b465ee728b) (PreviewImporter) -> (Import Result ID: 'fc74693bb5f5b276f92604cab48efba6') in 0.0469497 seconds [static and dynamic dependencies]. Details - ImportResultOutputID=d9b29eae149587548b188d5d690a9517 DependenciesID=cddff41b8588f2cc47be1010b5ff0168 StaticDependenciesID=aa091fd71981af29d3db42fa67c5e678 
Number of updated asset objects reloaded before import = 0Number of asset objects unloaded after import = 1

========================================================================
Received Import Request.
  Time since last request: 7.655001 seconds.
  path: Assets/Scenes/ingolstadt/all-buildings/ingolstadt_all_lod2_buildings.mtl
  importAddress: Guid(23218d0395f1dbd4e84553e6c710e72a) Importer(815301076,1909f56bfc062723c751e8b465ee728b)
Start importing Assets/Scenes/ingolstadt/all-buildings/ingolstadt_all_lod2_buildings.mtl using Guid(23218d0395f1dbd4e84553e6c710e72a) Importer(815301076,1909f56bfc062723c751e8b465ee728b) (PreviewImporter) -> (Import Result ID: '18d8a7c059acb698e96142807218afaf') in 0.0012415 seconds [static and dynamic dependencies]. Details - ImportResultOutputID=b4b5527c5277688f02bd0b5ca4a9ceac DependenciesID=12915cfa5554c9909dfb981db0068eda StaticDependenciesID=ed27f8af29f53c254c19f34f61f9bd22 
Number of updated asset objects reloaded before import = 0Number of asset objects unloaded after import = 1

========================================================================
Received Import Request.
  Time since last request: 10.824326 seconds.
  path: Assets/Scenes/ingolstadt/all-buildings/ingolstadt_all_lod2_roads.mtl
  importAddress: Guid(1685d798f4f0af543a121eda196065c5) Importer(815301076,1909f56bfc062723c751e8b465ee728b)
Start importing Assets/Scenes/ingolstadt/all-buildings/ingolstadt_all_lod2_roads.mtl using Guid(1685d798f4f0af543a121eda196065c5) Importer(815301076,1909f56bfc062723c751e8b465ee728b) (PreviewImporter) -> (Import Result ID: 'a719ba873767aadb1ffb1da5b1392087') in 0.0010896 seconds [static and dynamic dependencies]. Details - ImportResultOutputID=cb8ee20c5dfc8bf2fb8ce47b3115d4cf DependenciesID=1351e09bf398d9743908dd0549db6fd9 StaticDependenciesID=ce16dd20d7e92bdfd75d929369575525 
Number of updated asset objects reloaded before import = 0Number of asset objects unloaded after import = 1

========================================================================
Received Import Request.
  Time since last request: 7.304748 seconds.
  path: Assets/Scenes/ingolstadt/all-buildings/ingolstadt_all_lod3_buildings.mtl
  importAddress: Guid(552df220497938b48aa093a73d804a44) Importer(815301076,1909f56bfc062723c751e8b465ee728b)
Start importing Assets/Scenes/ingolstadt/all-buildings/ingolstadt_all_lod3_buildings.mtl using Guid(552df220497938b48aa093a73d804a44) Importer(815301076,1909f56bfc062723c751e8b465ee728b) (PreviewImporter) -> (Import Result ID: '4825c410e90f28afbe40bbfb3de340d2') in 0.0011535 seconds [static and dynamic dependencies]. Details - ImportResultOutputID=2d75ab0a07a22530c6b52e279bb4eb6b DependenciesID=76deb46e789ed71553e2c17ef7d66e4d StaticDependenciesID=1fe7394c15e1ab8aae89e0974ce86983 
Number of updated asset objects reloaded before import = 0Number of asset objects unloaded after import = 1

========================================================================
Received Import Request.
  Time since last request: 3.439314 seconds.
  path: Assets/Scenes/ingolstadt/all-buildings/ingolstadt_all_lod3_roads.mtl
  importAddress: Guid(bfb860083d0bf334289d81f4fd1449df) Importer(815301076,1909f56bfc062723c751e8b465ee728b)
Start importing Assets/Scenes/ingolstadt/all-buildings/ingolstadt_all_lod3_roads.mtl using Guid(bfb860083d0bf334289d81f4fd1449df) Importer(815301076,1909f56bfc062723c751e8b465ee728b) (PreviewImporter) -> (Import Result ID: '6afea379998388683a8f36c14d42cdf5') in 0.0011294 seconds [static and dynamic dependencies]. Details - ImportResultOutputID=47391ce7867362fc78febc15b2e7cbc4 DependenciesID=9323cdf48204d00bde5fcf5453304118 StaticDependenciesID=68514635d2a8b3a155759d7cd0e9bcca 
Number of updated asset objects reloaded before import = 0Number of asset objects unloaded after import = 1

========================================================================
Received Import Request.
  Time since last request: 105.380793 seconds.
  path: Assets/Scenes/SampleScene.unity
  importAddress: Guid(55daccc09a3b69647bbab145b54a3ab3) Importer(2089858483,b0f066a214c2f5e87bad3c948f4d605d)
Start importing Assets/Scenes/SampleScene.unity using Guid(55daccc09a3b69647bbab145b54a3ab3) Importer(2089858483,b0f066a214c2f5e87bad3c948f4d605d) (ScriptedImporter) -> (Import Result ID: '8febe07bc769367b148e9353e12fa84b') in 0.0684467 seconds [static and dynamic dependencies]. Details - ImportResultOutputID=b877b7496f02eda538ff6d3f24724abf DependenciesID=a298c06238a3da4203effc6391090d1c StaticDependenciesID=61248204c4117b7ca4c3c354f93b04cf 
Number of updated asset objects reloaded before import = 0Number of asset objects unloaded after import = 1

========================================================================
Received Import Request.
  Time since last request: 1.948177 seconds.
  path: Assets/Settings/Project Configuration/SampleScene.scenetemplate
  importAddress: Guid(e88974e7ea90fb046bb078f12073588b) Importer(2089858483,b0f066a214c2f5e87bad3c948f4d605d)
Start importing Assets/Settings/Project Configuration/SampleScene.scenetemplate using Guid(e88974e7ea90fb046bb078f12073588b) Importer(2089858483,b0f066a214c2f5e87bad3c948f4d605d) (ScriptedImporter) -> (Import Result ID: 'd4dab247b1053c351b6868855906fcbc') in 291.3500803 seconds [static and dynamic dependencies]. Details - ImportResultOutputID=f465a49727f99a05b5ccd7ab94c2acb4 DependenciesID=f27aa49d4b531863ea478db84977c029 StaticDependenciesID=8f63cb7369920ffcc6dc3b4ad5d00015 
Number of updated asset objects reloaded before import = 0Number of asset objects unloaded after import = 233764

========================================================================
Received Import Request.
  Time since last request: 896.536127 seconds.
  path: Assets/Scenes/ingolstadt/250-buildings
  importAddress: Guid(d80d1458d146ae44e9fa36d1d704c151) Importer(815301076,1909f56bfc062723c751e8b465ee728b)
Start importing Assets/Scenes/ingolstadt/250-buildings using Guid(d80d1458d146ae44e9fa36d1d704c151) Importer(815301076,1909f56bfc062723c751e8b465ee728b) (PreviewImporter) -> (Import Result ID: 'a0d560384ced5ec8374f4987392c7578') in 372.48009530000002 seconds [static and dynamic dependencies]. Details - ImportResultOutputID=8c597a42105f511f69e4d84d32285354 DependenciesID=8ae63fa7db9004b046a167c16df212da StaticDependenciesID=f8d586643fa8e8a3d28921ecd55718a4 
Number of updated asset objects reloaded before import = 0Number of asset objects unloaded after import = 0

========================================================================
Received Import Request.
  Time since last request: 774.467228 seconds.
  path: Assets/Scenes/ingolstadt/50-buildings/ingolstadt_50_lod1_buildings.obj
  importAddress: Guid(0056439bf27a4554a8d96b52d7f7d08c) Importer(815301076,1909f56bfc062723c751e8b465ee728b)
Start importing Assets/Scenes/ingolstadt/50-buildings/ingolstadt_50_lod1_buildings.obj using Guid(0056439bf27a4554a8d96b52d7f7d08c) Importer(815301076,1909f56bfc062723c751e8b465ee728b) (PreviewImporter) -> (Import Result ID: '88b609c86c4dc7b61efade38b3c38a51') in 1.3981425 seconds [static and dynamic dependencies]. Details - ImportResultOutputID=d456f26afca6575708cfc632b34dc67c DependenciesID=e167247ec8d57834804b6d26a049b3b7 StaticDependenciesID=2b349b0eabfe63c3457e4ab7c6783f1a 
Number of updated asset objects reloaded before import = 0Number of asset objects unloaded after import = 82

========================================================================
Received Import Request.
  Time since last request: 13.860170 seconds.
  path: Assets/Scenes/ingolstadt/50-buildings/ingolstadt_50_lod2_buildings.obj
  importAddress: Guid(bcf332c891b4de749b699f9216fcaf9a) Importer(815301076,1909f56bfc062723c751e8b465ee728b)
Start importing Assets/Scenes/ingolstadt/50-buildings/ingolstadt_50_lod2_buildings.obj using Guid(bcf332c891b4de749b699f9216fcaf9a) Importer(815301076,1909f56bfc062723c751e8b465ee728b) (PreviewImporter) -> (Import Result ID: '7b6d14828d17f2e6eaee179fe689602a') in 0.4426407 seconds [static and dynamic dependencies]. Details - ImportResultOutputID=06212eab6cbf1adcfe7fb3253e8c5e46 DependenciesID=df837029fdfb634b5116660d502b3ca4 StaticDependenciesID=9f046b7503b23c20bd5f9f8a1d404a86 
Number of updated asset objects reloaded before import = 0Number of asset objects unloaded after import = 82

========================================================================
Received Import Request.
  Time since last request: 0.366935 seconds.
  path: Assets/Scenes/ingolstadt/50-buildings/ingolstadt_50_lod2_roads.obj
  importAddress: Guid(fd14cdb7ae094424fbef5065f1ee1ce1) Importer(2089858483,b0f066a214c2f5e87bad3c948f4d605d)
Start importing Assets/Scenes/ingolstadt/50-buildings/ingolstadt_50_lod2_roads.obj using Guid(fd14cdb7ae094424fbef5065f1ee1ce1) Importer(2089858483,b0f066a214c2f5e87bad3c948f4d605d) (ScriptedImporter) -> (Import Result ID: '8224a422dd6fa807a504e808672568ca') in 0.106398 seconds [static and dynamic dependencies]. Details - ImportResultOutputID=8764a4e7c3be7302c8755ecb4b0ba904 DependenciesID=94899b7e4db69463da25bc8b1abf33f5 StaticDependenciesID=8a0642514b00e51e830dbc07dcdbe3ae 
Number of updated asset objects reloaded before import = 0Number of asset objects unloaded after import = 10

========================================================================
Received Import Request.
  Time since last request: 0.000082 seconds.
  path: Assets/Scenes/ingolstadt/50-buildings/ingolstadt_50_lod2_roads.mtl
  importAddress: Guid(1c00223416a9b504390e8bd0801b9988) Importer(2089858483,b0f066a214c2f5e87bad3c948f4d605d)
Start importing Assets/Scenes/ingolstadt/50-buildings/ingolstadt_50_lod2_roads.mtl using Guid(1c00223416a9b504390e8bd0801b9988) Importer(2089858483,b0f066a214c2f5e87bad3c948f4d605d) (ScriptedImporter) -> (Import Result ID: '1aa7b39a4d548c16710a7134bb9fe11d') in 0.0051159 seconds [static and dynamic dependencies]. Details - ImportResultOutputID=1fa3fc3c0f853ce4cf5f0a268a0f094a DependenciesID=6e4875097cedbede2e22b0fc1e061c0d StaticDependenciesID=58d0bb42e00deb2d93788101ec816dda 
Number of updated asset objects reloaded before import = 0Number of asset objects unloaded after import = 1

========================================================================
Received Import Request.
  Time since last request: 14.635548 seconds.
  path: Assets/Scenes/ingolstadt/50-buildings/ingolstadt_50_lod3_buildings.obj
  importAddress: Guid(6e8324ad7ba73584aa7cfeb9d7425e0c) Importer(815301076,1909f56bfc062723c751e8b465ee728b)
Start importing Assets/Scenes/ingolstadt/50-buildings/ingolstadt_50_lod3_buildings.obj using Guid(6e8324ad7ba73584aa7cfeb9d7425e0c) Importer(815301076,1909f56bfc062723c751e8b465ee728b) (PreviewImporter) -> (Import Result ID: 'c495cc6a9513ce556c4bedcfc5b6d122') in 0.4716543 seconds [static and dynamic dependencies]. Details - ImportResultOutputID=1cb3b4619aae2edc6eac380d08ccb9c9 DependenciesID=57cff2e0c058b3e8162fef04efd87c77 StaticDependenciesID=224bf386bf477b5db0227df3292a21b7 
Number of updated asset objects reloaded before import = 0Number of asset objects unloaded after import = 70

========================================================================
Received Import Request.
  Time since last request: 0.315202 seconds.
  path: Assets/Scenes/ingolstadt/50-buildings/ingolstadt_50_lod3_roads.mtl
  importAddress: Guid(faa524610f7395c43a99d2d8072291bf) Importer(2089858483,b0f066a214c2f5e87bad3c948f4d605d)
Start importing Assets/Scenes/ingolstadt/50-buildings/ingolstadt_50_lod3_roads.mtl using Guid(faa524610f7395c43a99d2d8072291bf) Importer(2089858483,b0f066a214c2f5e87bad3c948f4d605d) (ScriptedImporter) -> (Import Result ID: 'd7931207a615e235d9a7007fff59e273') in 0.0058532 seconds [static and dynamic dependencies]. Details - ImportResultOutputID=9fa182c08b84677710eac26920747bee DependenciesID=50a0173aa28101b95d6d8e0881d673ea StaticDependenciesID=3bbfdeb023574c7df1f15d0812352f96 
Number of updated asset objects reloaded before import = 0Number of asset objects unloaded after import = 1

========================================================================
Received Import Request.
  Time since last request: 0.000038 seconds.
  path: Assets/Scenes/ingolstadt/50-buildings/ingolstadt_50_lod3_roads.obj
  importAddress: Guid(a11ee3385c956dd48b9398112afd4a64) Importer(2089858483,b0f066a214c2f5e87bad3c948f4d605d)
Start importing Assets/Scenes/ingolstadt/50-buildings/ingolstadt_50_lod3_roads.obj using Guid(a11ee3385c956dd48b9398112afd4a64) Importer(2089858483,b0f066a214c2f5e87bad3c948f4d605d) (ScriptedImporter) -> (Import Result ID: '9f3f2eff6c2e0843ada7fe44f45865e9') in 0.1838748 seconds [static and dynamic dependencies]. Details - ImportResultOutputID=3e275fd7017a7caaf5bb7221ccbc6418 DependenciesID=d028d03b2bb61ec113f59f063e28266d StaticDependenciesID=27ac99fac85473bda2a637fe0ffcba17 
Number of updated asset objects reloaded before import = 0Number of asset objects unloaded after import = 268

========================================================================
Received Import Request.
  Time since last request: 43.350969 seconds.
  path: Assets/Scenes/ingolstadt/150-buildings/ingolstadt_150_lod1_buildings.obj
  importAddress: Guid(d4294f62241f5894a93eb1d518509d50) Importer(815301076,1909f56bfc062723c751e8b465ee728b)
Start importing Assets/Scenes/ingolstadt/150-buildings/ingolstadt_150_lod1_buildings.obj using Guid(d4294f62241f5894a93eb1d518509d50) Importer(815301076,1909f56bfc062723c751e8b465ee728b) (PreviewImporter) -> (Import Result ID: 'f9057ae878641d4c74274b9e2f0dd058') in 7.0386786 seconds [static and dynamic dependencies]. Details - ImportResultOutputID=56e394ea0bec33ba66f7fda52546bf5d DependenciesID=22504d571deeb43d6c0012aad5b52b25 StaticDependenciesID=7d2ca20ee884ed5a234f30d4323488df 
Number of updated asset objects reloaded before import = 0Number of asset objects unloaded after import = 1012

========================================================================
Received Import Request.
  Time since last request: 18.353859 seconds.
  path: Assets/Scenes/ingolstadt/150-buildings/ingolstadt_150_lod2_buildings.obj
  importAddress: Guid(1b3da1541a7843b4ebed804bc8702a40) Importer(815301076,1909f56bfc062723c751e8b465ee728b)
Start importing Assets/Scenes/ingolstadt/150-buildings/ingolstadt_150_lod2_buildings.obj using Guid(1b3da1541a7843b4ebed804bc8702a40) Importer(815301076,1909f56bfc062723c751e8b465ee728b) (PreviewImporter) -> (Import Result ID: '5b62c9262d61cc88d26340cfcd8b9111') in 8.3800771 seconds [static and dynamic dependencies]. Details - ImportResultOutputID=10bbe87991f93c618e311f3d5861966f DependenciesID=b41520c580c96ffd84dc18a6e46cb816 StaticDependenciesID=299c3f262a5fc345a0cab46be7cb3357 
Number of updated asset objects reloaded before import = 0Number of asset objects unloaded after import = 1012

========================================================================
Received Import Request.
  Time since last request: 25.111525 seconds.
  path: Assets/Scenes/ingolstadt/150-buildings/ingolstadt_150_lod3_buildings.obj
  importAddress: Guid(3eb60bf7f0d932643b5dc9a2f1418882) Importer(815301076,1909f56bfc062723c751e8b465ee728b)
Start importing Assets/Scenes/ingolstadt/150-buildings/ingolstadt_150_lod3_buildings.obj using Guid(3eb60bf7f0d932643b5dc9a2f1418882) Importer(815301076,1909f56bfc062723c751e8b465ee728b) (PreviewImporter) -> (Import Result ID: '348f3ea07c1450b5bf3f21733f3580bd') in 1.3843833 seconds [static and dynamic dependencies]. Details - ImportResultOutputID=ea890c724fbb0f9f4eeba041902342f6 DependenciesID=6b1484bda69dca58e2f493bc5e8c63bb StaticDependenciesID=ae9eddabd57c124585cd7ed584130646 
Number of updated asset objects reloaded before import = 0Number of asset objects unloaded after import = 184

========================================================================
Received Import Request.
  Time since last request: 50.684183 seconds.
  path: Assets/Scenes/ingolstadt/250-buildings/ingolstadt_250_lod1_buildings.obj
  importAddress: Guid(33e4a778c4046574d942e60db4f5d86d) Importer(815301076,1909f56bfc062723c751e8b465ee728b)
Start importing Assets/Scenes/ingolstadt/250-buildings/ingolstadt_250_lod1_buildings.obj using Guid(33e4a778c4046574d942e60db4f5d86d) Importer(815301076,1909f56bfc062723c751e8b465ee728b) (PreviewImporter) -> (Import Result ID: '248104ff9c380513b9e14c42b709565c') in 9.5604861 seconds [static and dynamic dependencies]. Details - ImportResultOutputID=6389495dff9bb41f49d150a57aa3c288 DependenciesID=9ffa2d508399b3ffd6f422177df45fb1 StaticDependenciesID=43efa56b253dac710afce570ac99adbc 
Number of updated asset objects reloaded before import = 0Number of asset objects unloaded after import = 1504

========================================================================
Received Import Request.
  Time since last request: 0.938815 seconds.
  path: Assets/Scenes/ingolstadt/250-buildings/ingolstadt_250_lod2_buildings.obj
  importAddress: Guid(d0d251aaecbe44c45b7c24a4e32edf92) Importer(815301076,1909f56bfc062723c751e8b465ee728b)
Start importing Assets/Scenes/ingolstadt/250-buildings/ingolstadt_250_lod2_buildings.obj using Guid(d0d251aaecbe44c45b7c24a4e32edf92) Importer(815301076,1909f56bfc062723c751e8b465ee728b) (PreviewImporter) -> (Import Result ID: '517bcd0181337feea0e1857d258ad8bd') in 9.3329657 seconds [static and dynamic dependencies]. Details - ImportResultOutputID=3f24ba53a395ab09571878fbd1562269 DependenciesID=a2a894dd5eedd8e321aaa5f652ad50f3 StaticDependenciesID=853e865c96b7e20a12e144195b9beeb9 
Number of updated asset objects reloaded before import = 0Number of asset objects unloaded after import = 1504

========================================================================
Received Import Request.
  Time since last request: 1.302881 seconds.
  path: Assets/Scenes/ingolstadt/250-buildings/ingolstadt_250_lod3_buildings.obj
  importAddress: Guid(a9771c5000016ca4780f7bcbcba56b4f) Importer(815301076,1909f56bfc062723c751e8b465ee728b)
Start importing Assets/Scenes/ingolstadt/250-buildings/ingolstadt_250_lod3_buildings.obj using Guid(a9771c5000016ca4780f7bcbcba56b4f) Importer(815301076,1909f56bfc062723c751e8b465ee728b) (PreviewImporter) -> (Import Result ID: '2ca7e374b53f36a4509f5b95d6416b45') in 13.0947982 seconds [static and dynamic dependencies]. Details - ImportResultOutputID=405765db0ccf24399518b1296dae8de7 DependenciesID=88d355f2cb86c40ea0347cd3f0c1acb2 StaticDependenciesID=cef58d565f1ef429a550bff413e3be82 
Number of updated asset objects reloaded before import = 0Number of asset objects unloaded after import = 1462

========================================================================
Received Import Request.
  Time since last request: 495.701522 seconds.
  path: Assets/Scenes/ingolstadt/250-buildings/ingolstadt_250_lod1_buildings.mtl
  importAddress: Guid(e64bb0b72a978804fbfebbfff9bf88f3) Importer(815301076,1909f56bfc062723c751e8b465ee728b)
Start importing Assets/Scenes/ingolstadt/250-buildings/ingolstadt_250_lod1_buildings.mtl using Guid(e64bb0b72a978804fbfebbfff9bf88f3) Importer(815301076,1909f56bfc062723c751e8b465ee728b) (PreviewImporter) -> (Import Result ID: '05c062c17ae21287c4bfccf11e362971') in 0.0054087 seconds [static and dynamic dependencies]. Details - ImportResultOutputID=49dfb92d5877e25b297fa68ca6b81833 DependenciesID=0a19b70b718e9a797e3157a40770e29d StaticDependenciesID=448afaa286395fee3c748fb8e1286028 
Number of updated asset objects reloaded before import = 0Number of asset objects unloaded after import = 1

========================================================================
Received Import Request.
  Time since last request: 27098.322626 seconds.
  path: Assets/Scenes/ingolstadt/250-buildings/ingolstadt_250_lod1_buildings.obj
  importAddress: Guid(33e4a778c4046574d942e60db4f5d86d) Importer(815301076,1909f56bfc062723c751e8b465ee728b)
Start importing Assets/Scenes/ingolstadt/250-buildings/ingolstadt_250_lod1_buildings.obj using Guid(33e4a778c4046574d942e60db4f5d86d) Importer(815301076,1909f56bfc062723c751e8b465ee728b) (PreviewImporter) -> (Import Result ID: '3f08dd2501c128bf81f3bc18da0e9180') in 10.5002441 seconds [static and dynamic dependencies]. Details - ImportResultOutputID=568bf8a65c740f85edbb92e160bcc84f DependenciesID=18f505185cca322cdcaec49022fa1a1e StaticDependenciesID=70fffe6c304814f83558aedb391a20db 
Number of updated asset objects reloaded before import = 0Number of asset objects unloaded after import = 1504

========================================================================
Received Import Request.
  Time since last request: 31.500160 seconds.
  path: Assets/Scenes/ingolstadt/250-buildings/ingolstadt_250_lod1_buildings.obj
  importAddress: Guid(33e4a778c4046574d942e60db4f5d86d) Importer(2089858483,b0f066a214c2f5e87bad3c948f4d605d)
Start importing Assets/Scenes/ingolstadt/250-buildings/ingolstadt_250_lod1_buildings.obj using Guid(33e4a778c4046574d942e60db4f5d86d) Importer(2089858483,b0f066a214c2f5e87bad3c948f4d605d) (ScriptedImporter) -> (Import Result ID: '53cf9ce40a2ab278f816f67d170cb8af') in 0.8304109 seconds [static and dynamic dependencies]. Details - ImportResultOutputID=43bb6a642c4d5b0cee583b6dbb92a67f DependenciesID=f0b7bf6c44f8702725e2a3b984ce07ff StaticDependenciesID=5f40861f8b472fafa4457ccad1ebbbb8 
Number of updated asset objects reloaded before import = 0Number of asset objects unloaded after import = 1504

========================================================================
Received Import Request.
  Time since last request: 853.891579 seconds.
  path: Assets/Scenes/ingolstadt/250-buildings/ingolstadt_250_lod1_buildings.obj
  importAddress: Guid(33e4a778c4046574d942e60db4f5d86d) Importer(815301076,1909f56bfc062723c751e8b465ee728b)
Start importing Assets/Scenes/ingolstadt/250-buildings/ingolstadt_250_lod1_buildings.obj using Guid(33e4a778c4046574d942e60db4f5d86d) Importer(815301076,1909f56bfc062723c751e8b465ee728b) (PreviewImporter) -> (Import Result ID: 'dc860512a887ecee6348e2c385f5c0f9') in 5.3265733 seconds [static and dynamic dependencies]. Details - ImportResultOutputID=c3efc2f646dbb450071fc9d84c089d76 DependenciesID=6dc36d7be468937ed43980d0c44b4868 StaticDependenciesID=f24419446dd7bcedaf38ef477cedcb41 
Number of updated asset objects reloaded before import = 0Number of asset objects unloaded after import = 1257

========================================================================
Received Import Request.
  Time since last request: 1021.845416 seconds.
  path: Assets/Scenes/SampleScene.unity
  importAddress: Guid(55daccc09a3b69647bbab145b54a3ab3) Importer(2089858483,b0f066a214c2f5e87bad3c948f4d605d)
Start importing Assets/Scenes/SampleScene.unity using Guid(55daccc09a3b69647bbab145b54a3ab3) Importer(2089858483,b0f066a214c2f5e87bad3c948f4d605d) (ScriptedImporter) -> (Import Result ID: 'f9e5beea348994925dc4a652cb3a6871') in 0.2879897 seconds [static and dynamic dependencies]. Details - ImportResultOutputID=48ec7af4a302da959df1edc8ed06c948 DependenciesID=189a7d547eb144c7358c284e5aecb6e9 StaticDependenciesID=0e5b85656fe0b6fd3ec65b6946fd96c1 
Number of updated asset objects reloaded before import = 0Number of asset objects unloaded after import = 1

========================================================================
Received Import Request.
  Time since last request: 1.141465 seconds.
  path: Assets/Settings/Project Configuration/SampleScene.scenetemplate
  importAddress: Guid(e88974e7ea90fb046bb078f12073588b) Importer(2089858483,b0f066a214c2f5e87bad3c948f4d605d)
Start importing Assets/Settings/Project Configuration/SampleScene.scenetemplate using Guid(e88974e7ea90fb046bb078f12073588b) Importer(2089858483,b0f066a214c2f5e87bad3c948f4d605d) (ScriptedImporter) -> (Import Result ID: '89e1c7343fa239d7ce1b4e85a34c208f') in 47.7419128 seconds [static and dynamic dependencies]. Details - ImportResultOutputID=b60828c209863fc416f092d7ddd83352 DependenciesID=6bc9c1e2c00fc05ddafcf92713135128 StaticDependenciesID=9e9a2a3e27925d70b43f3f13f2ffdb67 
Number of updated asset objects reloaded before import = 0Number of asset objects unloaded after import = 240752

